// Jest Snapshot v1, https://goo.gl/fbAQLP

exports[`App should render correctly 1`] = `
<styled.div>
  <Loading
    color="rgb(252, 91, 98)"
    delay={0}
    height={100}
    type="bubbles"
    width={100}
  />
</styled.div>
`;
